// Vitest Snapshot v1, https://vitest.dev/guide/snapshot.html

exports[`Shop component > renders the Shop page 1`] = `
<div>
  <main
    alt="products"
    class="_grid_ea8c8c"
  />
</div>
`;
